// Jest Snapshot v1, https://goo.gl/fbAQLP

exports[`ChatBubble should render correctly all 8 combinations of ChatBubble 1`] = `
.c0 {
  -webkit-align-items: center;
  -webkit-box-align: center;
  -ms-flex-align: center;
  align-items: center;
  background-color: #CBD5E0;
  border-top-left-radius: 1rem;
  border-top-right-radius: 1rem;
  border-bottom-right-radius: 1rem;
  border-bottom-left-radius: 0.375rem;
  color: #1A202C;
  display: -webkit-box;
  display: -webkit-flex;
  display: -ms-flexbox;
  display: flex;
  padding: 0.75rem 1rem;
  line-height: 1.25;
  -webkit-box-pack: center;
  -webkit-justify-content: center;
  -ms-flex-pack: center;
  justify-content: center;
  max-width: 28rem;
}

.c2 {
  -webkit-align-items: center;
  -webkit-box-align: center;
  -ms-flex-align: center;
  align-items: center;
  background-color: #CBD5E0;
  border-top-left-radius: 0.375rem;
  border-top-right-radius: 1rem;
  border-bottom-right-radius: 1rem;
  border-bottom-left-radius: 0.375rem;
  color: #1A202C;
  display: -webkit-box;
  display: -webkit-flex;
  display: -ms-flexbox;
  display: flex;
  padding: 0.75rem 1rem;
  line-height: 1.25;
  -webkit-box-pack: center;
  -webkit-justify-content: center;
  -ms-flex-pack: center;
  justify-content: center;
  max-width: 28rem;
}

.c3 {
  -webkit-align-items: center;
  -webkit-box-align: center;
  -ms-flex-align: center;
  align-items: center;
  background-color: #CBD5E0;
  border-top-left-radius: 0.375rem;
  border-top-right-radius: 1rem;
  border-bottom-right-radius: 1rem;
  border-bottom-left-radius: 1rem;
  color: #1A202C;
  display: -webkit-box;
  display: -webkit-flex;
  display: -ms-flexbox;
  display: flex;
  padding: 0.75rem 1rem;
  line-height: 1.25;
  -webkit-box-pack: center;
  -webkit-justify-content: center;
  -ms-flex-pack: center;
  justify-content: center;
  max-width: 28rem;
}

.c4 {
  -webkit-align-items: center;
  -webkit-box-align: center;
  -ms-flex-align: center;
  align-items: center;
  background-color: #CBD5E0;
  border-top-left-radius: 1rem;
  border-top-right-radius: 1rem;
  border-bottom-right-radius: 1rem;
  border-bottom-left-radius: 1rem;
  color: #1A202C;
  display: -webkit-box;
  display: -webkit-flex;
  display: -ms-flexbox;
  display: flex;
  padding: 0.75rem 1rem;
  line-height: 1.25;
  -webkit-box-pack: center;
  -webkit-justify-content: center;
  -ms-flex-pack: center;
  justify-content: center;
  max-width: 28rem;
}

.c5 {
  -webkit-align-items: center;
  -webkit-box-align: center;
  -ms-flex-align: center;
  align-items: center;
  background-color: #4299e1;
  border-top-left-radius: 1rem;
  border-top-right-radius: 1rem;
  border-bottom-right-radius: 0.375rem;
  border-bottom-left-radius: 1rem;
  color: #FFFFFF;
  display: -webkit-box;
  display: -webkit-flex;
  display: -ms-flexbox;
  display: flex;
  padding: 0.75rem 1rem;
  line-height: 1.25;
  -webkit-box-pack: center;
  -webkit-justify-content: center;
  -ms-flex-pack: center;
  justify-content: center;
  max-width: 28rem;
}

.c6 {
  -webkit-align-items: center;
  -webkit-box-align: center;
  -ms-flex-align: center;
  align-items: center;
  background-color: #4299e1;
  border-top-left-radius: 1rem;
  border-top-right-radius: 0.375rem;
  border-bottom-right-radius: 0.375rem;
  border-bottom-left-radius: 1rem;
  color: #FFFFFF;
  display: -webkit-box;
  display: -webkit-flex;
  display: -ms-flexbox;
  display: flex;
  padding: 0.75rem 1rem;
  line-height: 1.25;
  -webkit-box-pack: center;
  -webkit-justify-content: center;
  -ms-flex-pack: center;
  justify-content: center;
  max-width: 28rem;
}

.c7 {
  -webkit-align-items: center;
  -webkit-box-align: center;
  -ms-flex-align: center;
  align-items: center;
  background-color: #4299e1;
  border-top-left-radius: 1rem;
  border-top-right-radius: 0.375rem;
  border-bottom-right-radius: 1rem;
  border-bottom-left-radius: 1rem;
  color: #FFFFFF;
  display: -webkit-box;
  display: -webkit-flex;
  display: -ms-flexbox;
  display: flex;
  padding: 0.75rem 1rem;
  line-height: 1.25;
  -webkit-box-pack: center;
  -webkit-justify-content: center;
  -ms-flex-pack: center;
  justify-content: center;
  max-width: 28rem;
}

.c8 {
  -webkit-align-items: center;
  -webkit-box-align: center;
  -ms-flex-align: center;
  align-items: center;
  background-color: #4299e1;
  border-top-left-radius: 1rem;
  border-top-right-radius: 1rem;
  border-bottom-right-radius: 1rem;
  border-bottom-left-radius: 1rem;
  color: #FFFFFF;
  display: -webkit-box;
  display: -webkit-flex;
  display: -ms-flexbox;
  display: flex;
  padding: 0.75rem 1rem;
  line-height: 1.25;
  -webkit-box-pack: center;
  -webkit-justify-content: center;
  -ms-flex-pack: center;
  justify-content: center;
  max-width: 28rem;
}

.c1 {
  word-break: break-word;
}

<div>
  <div
    class="c0"
  >
    <span
      class="c1"
    >
      Text
    </span>
  </div>
  <div
    class="c2"
  >
    <span
      class="c1"
    >
      Text
    </span>
  </div>
  <div
    class="c3"
  >
    <span
      class="c1"
    >
      Text
    </span>
  </div>
  <div
    class="c4"
  >
    <span
      class="c1"
    >
      Text
    </span>
  </div>
  <div
    class="c5"
  >
    <span
      class="c1"
    >
      Text
    </span>
  </div>
  <div
    class="c6"
  >
    <span
      class="c1"
    >
      Text
    </span>
  </div>
  <div
    class="c7"
  >
    <span
      class="c1"
    >
      Text
    </span>
  </div>
  <div
    class="c8"
  >
    <span
      class="c1"
    >
      Text
    </span>
  </div>
</div>
`;
