// Jest Snapshot v1, https://goo.gl/fbAQLP

exports[`Footer should render correctly Footer 1`] = `
.c2 {
  border: 2px solid #CBD5E0;
  border-radius: 0.375rem;
  cursor: pointer;
  font-family: -apple-system,BlinkMacSystemFont,"Segoe UI",Helvetica,Arial,sans-serif,"Apple Color Emoji","Segoe UI Emoji","Segoe UI Symbol";
  line-height: 1.5;
  font-size: 0.875rem;
  padding: 0.25rem 0.5rem;
  -webkit-transition: border 150ms ease;
  transition: border 150ms ease;
}

.c2:hover {
  border: 2px solid #A0AEC0;
}

.c2:focus {
  border: 2px solid #63b3ed;
  outline: none;
}

.c0 {
  background-color: #E2E8F0;
  border-top: 1px solid #CBD5E0;
  max-width: 100%;
  width: 100%;
}

.c1 {
  -webkit-align-items: center;
  -webkit-box-align: center;
  -ms-flex-align: center;
  align-items: center;
  color: #718096;
  display: -webkit-box;
  display: -webkit-flex;
  display: -ms-flexbox;
  display: flex;
  -webkit-flex-direction: row;
  -ms-flex-direction: row;
  flex-direction: row;
  height: 3rem;
  -webkit-box-pack: justify;
  -webkit-justify-content: space-between;
  -ms-flex-pack: justify;
  justify-content: space-between;
  margin: 0 auto;
  max-width: 72rem;
  padding: 0 1rem;
}

<div>
  <footer
    class="c0"
  >
    <div
      class="c1"
    >
      <span>
        Â© leboncoin - 
        2022
      </span>
      <select
        class="c2"
        title="footer.locale.title"
      >
        <option
          value="en-US"
        >
          footer.locale.en-US
        </option>
        <option
          value="fr"
        >
          footer.locale.fr
        </option>
      </select>
    </div>
  </footer>
</div>
`;
