// Jest Snapshot v1, https://goo.gl/fbAQLP

exports[`Header should render correctly Header 1`] = `
.c0 {
  background-color: #FFFFFF;
  border-bottom: 1px solid #CBD5E0;
  max-width: 100%;
  width: 100%;
}

.c1 {
  -webkit-align-items: center;
  -webkit-box-align: center;
  -ms-flex-align: center;
  align-items: center;
  display: -webkit-box;
  display: -webkit-flex;
  display: -ms-flexbox;
  display: flex;
  -webkit-flex-direction: row;
  -ms-flex-direction: row;
  flex-direction: row;
  height: 4rem;
  -webkit-box-pack: justify;
  -webkit-justify-content: space-between;
  -ms-flex-pack: justify;
  justify-content: space-between;
  margin: 0 auto;
  max-width: 72rem;
  padding: 0 1rem;
}

.c2 {
  -webkit-align-items: center;
  -webkit-box-align: center;
  -ms-flex-align: center;
  align-items: center;
  display: -webkit-box;
  display: -webkit-flex;
  display: -ms-flexbox;
  display: flex;
  -webkit-flex-direction: row;
  -ms-flex-direction: row;
  flex-direction: row;
  gap: 1rem;
}

.c3 {
  background-color: transparent;
  border-radius: 0.375rem;
  color: inherit;
  cursor: pointer;
  padding: 0.5rem;
  -webkit-text-decoration: none;
  text-decoration: none;
  -webkit-transition: opacity 150ms ease,background-color 150ms ease;
  transition: opacity 150ms ease,background-color 150ms ease;
  -webkit-user-select: none;
  -moz-user-select: none;
  -ms-user-select: none;
  user-select: none;
}

.c3:hover {
  background-color: #E2E8F0;
  color: inherit;
}

.c3:active {
  background-color: #EDF2F7;
  color: inherit;
}

.c3[aria-disabled='true'] {
  cursor: not-allowed;
  opacity: 0.5;
}

.c3[aria-disabled='true']:active {
  pointer-events: none;
}

<div>
  <header
    class="c0"
  >
    <div
      class="c1"
    >
      <a
        href="/"
        title="header.nav.links.home"
      >
        <span
          style="box-sizing: border-box; display: inline-block; overflow: hidden; background: none; opacity: 1; border: 0px; margin: 0px; padding: 0px; position: relative; max-width: 100%;"
        >
          <span
            style="box-sizing: border-box; display: block; background: none; opacity: 1; border: 0px; margin: 0px; padding: 0px; max-width: 100%;"
          >
            <img
              alt=""
              aria-hidden="true"
              src="data:image/svg+xml,%3csvg%20xmlns=%27http://www.w3.org/2000/svg%27%20version=%271.1%27%20width=%27128%27%20height=%2740%27/%3e"
              style="display: block; max-width: 100%; background: none; opacity: 1; border: 0px; margin: 0px; padding: 0px;"
            />
          </span>
          <img
            alt="header.logo.alt"
            data-nimg="intrinsic"
            decoding="async"
            src="data:image/gif;base64,R0lGODlhAQABAIAAAAAAAP///yH5BAEAAAAALAAAAAABAAEAAAIBRAA7"
            style="position: absolute; top: 0px; left: 0px; bottom: 0px; right: 0px; box-sizing: border-box; padding: 0px; margin: auto; display: block; width: 0px; height: 0px; min-width: 100%; max-width: 100%; min-height: 100%; max-height: 100%;"
          />
          <noscript />
        </span>
      </a>
      <nav
        class="c2"
      >
        <a
          class="c3"
          href="/"
          title="header.nav.title.goTo"
        >
          header.nav.links.home
        </a>
        <a
          aria-disabled="true"
          class="c3"
          href="/#"
          title="header.nav.title.disabled"
        >
          header.nav.links.messages
        </a>
      </nav>
    </div>
  </header>
</div>
`;
