// Jest Snapshot v1, https://goo.gl/fbAQLP

exports[`Layout should render correctly Layout 1`] = `
.c0 {
  background-color: #FFFFFF;
  border-bottom: 1px solid #CBD5E0;
  max-width: 100%;
  width: 100%;
}

.c1 {
  -webkit-align-items: center;
  -webkit-box-align: center;
  -ms-flex-align: center;
  align-items: center;
  display: -webkit-box;
  display: -webkit-flex;
  display: -ms-flexbox;
  display: flex;
  -webkit-flex-direction: row;
  -ms-flex-direction: row;
  flex-direction: row;
  height: 4rem;
  -webkit-box-pack: justify;
  -webkit-justify-content: space-between;
  -ms-flex-pack: justify;
  justify-content: space-between;
  margin: 0 auto;
  max-width: 72rem;
  padding: 0 1rem;
}

.c2 {
  -webkit-align-items: center;
  -webkit-box-align: center;
  -ms-flex-align: center;
  align-items: center;
  display: -webkit-box;
  display: -webkit-flex;
  display: -ms-flexbox;
  display: flex;
  -webkit-flex-direction: row;
  -ms-flex-direction: row;
  flex-direction: row;
  gap: 1rem;
}

.c3 {
  background-color: transparent;
  border-radius: 0.375rem;
  color: inherit;
  cursor: pointer;
  padding: 0.5rem;
  -webkit-text-decoration: none;
  text-decoration: none;
  -webkit-transition: background-color 150ms ease;
  transition: background-color 150ms ease;
}

.c3:hover {
  background-color: #E2E8F0;
  color: inherit;
}

.c3:active {
  background-color: #EDF2F7;
  color: inherit;
}

.c3[aria-disabled='true'] {
  color: #718096;
  cursor: not-allowed;
}

.c3[aria-disabled='true']:active {
  pointer-events: none;
}

.c4 {
  background-color: transparent;
  border-radius: 0.375rem;
  color: inherit;
  cursor: pointer;
  padding: 0.5rem;
  -webkit-text-decoration: none;
  text-decoration: none;
  -webkit-transition: background-color 150ms ease;
  transition: background-color 150ms ease;
  background-color: #FEEBC8;
  color: #7B341E;
}

.c4[aria-disabled='true'] {
  color: #718096;
  cursor: not-allowed;
}

.c4[aria-disabled='true']:active {
  pointer-events: none;
}

.c7 {
  background-color: #E2E8F0;
  border-top: 1px solid #CBD5E0;
  max-width: 100%;
  width: 100%;
}

.c8 {
  -webkit-align-items: center;
  -webkit-box-align: center;
  -ms-flex-align: center;
  align-items: center;
  color: #718096;
  display: -webkit-box;
  display: -webkit-flex;
  display: -ms-flexbox;
  display: flex;
  -webkit-flex-direction: row;
  -ms-flex-direction: row;
  flex-direction: row;
  height: 4rem;
  -webkit-box-pack: justify;
  -webkit-justify-content: space-between;
  -ms-flex-pack: justify;
  justify-content: space-between;
  margin: 0 auto;
  max-width: 72rem;
  padding: 0 1rem;
}

.c5 {
  -webkit-box-flex: 1;
  -webkit-flex-grow: 1;
  -ms-flex-positive: 1;
  flex-grow: 1;
  max-width: 100%;
  min-height: calc(100% - 4rem - 4rem);
  width: 100%;
}

.c6 {
  margin: 0 auto;
  max-width: 72rem;
  padding: 2rem 1rem;
}

<div>
  <header
    class="c0"
  >
    <div
      class="c1"
    >
      <span
        style="box-sizing: border-box; display: inline-block; overflow: hidden; background: none; opacity: 1; border: 0px; margin: 0px; padding: 0px; position: relative; max-width: 100%;"
      >
        <span
          style="box-sizing: border-box; display: block; background: none; opacity: 1; border: 0px; margin: 0px; padding: 0px; max-width: 100%;"
        >
          <img
            alt=""
            aria-hidden="true"
            src="data:image/svg+xml,%3csvg%20xmlns=%27http://www.w3.org/2000/svg%27%20version=%271.1%27%20width=%27128%27%20height=%2740%27/%3e"
            style="display: block; max-width: 100%; background: none; opacity: 1; border: 0px; margin: 0px; padding: 0px;"
          />
        </span>
        <img
          alt="logo_alt"
          data-nimg="intrinsic"
          decoding="async"
          src="data:image/gif;base64,R0lGODlhAQABAIAAAAAAAP///yH5BAEAAAAALAAAAAABAAEAAAIBRAA7"
          style="position: absolute; top: 0px; left: 0px; bottom: 0px; right: 0px; box-sizing: border-box; padding: 0px; margin: auto; display: block; width: 0px; height: 0px; min-width: 100%; max-width: 100%; min-height: 100%; max-height: 100%;"
        />
        <noscript />
      </span>
      <nav
        class="c2"
      >
        <a
          aria-disabled="true"
          class="c3"
          href="/#"
          title="title.disabled"
        >
          home
        </a>
        <a
          class="c4"
          href="/"
          title="title.goTo"
        >
          users
        </a>
        <a
          aria-disabled="true"
          class="c3"
          href="/#"
          title="title.disabled"
        >
          settings
        </a>
      </nav>
    </div>
  </header>
  <main
    class="c5"
  >
    <div
      class="c6"
    />
  </main>
  <footer
    class="c7"
  >
    <div
      class="c8"
    >
      Â© leboncoin - 
      2022
    </div>
  </footer>
</div>
`;
