// Jest Snapshot v1, https://goo.gl/fbAQLP

exports[`MessageForm should render correctly MessageForm 1`] = `
.c0 {
  -webkit-align-items: stretch;
  -webkit-box-align: stretch;
  -ms-flex-align: stretch;
  align-items: stretch;
  display: -webkit-box;
  display: -webkit-flex;
  display: -ms-flexbox;
  display: flex;
  gap: 0.75rem;
  height: 100%;
  -webkit-box-pack: center;
  -webkit-justify-content: center;
  -ms-flex-pack: center;
  justify-content: center;
  padding: 0.5rem;
  width: 100%;
}

.c1 {
  border: 2px solid #CBD5E0;
  border-radius: 0.375rem;
  -webkit-flex: 1;
  -ms-flex: 1;
  flex: 1;
  font-family: -apple-system,BlinkMacSystemFont,"Segoe UI",Helvetica,Arial,sans-serif,"Apple Color Emoji","Segoe UI Emoji","Segoe UI Symbol";
  line-height: 1.5;
  font-size: 1rem;
  padding: 0.5rem;
  resize: none;
  -webkit-transition: border 150ms ease;
  transition: border 150ms ease;
}

.c1:hover {
  border: 2px solid #A0AEC0;
}

.c1:focus {
  border: 2px solid #63b3ed;
  outline: none;
}

.c2 {
  -webkit-align-items: center;
  -webkit-box-align: center;
  -ms-flex-align: center;
  align-items: center;
  -webkit-box-pack: center;
  -webkit-justify-content: center;
  -ms-flex-pack: center;
  justify-content: center;
  background-color: #90cdf4;
  border: 2px solid #63b3ed;
  border-radius: 0.375rem;
  color: #1A365D;
  cursor: pointer;
  display: -webkit-box;
  display: -webkit-flex;
  display: -ms-flexbox;
  display: flex;
  font-size: 1rem;
  font-weight: 600;
  padding: 0 0.75rem;
  -webkit-transition: opacity 150ms ease,border 150ms ease,background-color 150ms ease;
  transition: opacity 150ms ease,border 150ms ease,background-color 150ms ease;
}

.c2:hover {
  background-color: #63b3ed;
  border: 2px solid #4299e1;
}

.c2:active {
  background-color: #bee3f8;
  border: 2px solid #90cdf4;
}

.c2[aria-disabled='true'] {
  opacity: 0.5;
  cursor: not-allowed;
}

.c2[aria-disabled='true']:active {
  pointer-events: none;
}

.c3 {
  display: none;
}

@media (min-width:48em) {
  .c3 {
    display: initial;
    margin-right: 0.5rem;
  }
}

<div>
  <form
    class="c0"
  >
    <input
      class="c1"
      minlength="1"
      placeholder="conversation.form.input.placeholder"
      required=""
      value=""
    />
    <button
      class="c2"
      title="conversation.form.button.title"
      type="submit"
    >
      <span
        class="c3"
      >
        conversation.form.button.label
      </span>
      <svg
        fill="currentColor"
        height="1.25rem"
        stroke="currentColor"
        stroke-width="0"
        viewBox="0 0 20 20"
        width="1.25rem"
        xmlns="http://www.w3.org/2000/svg"
      >
        <path
          d="M10.894 2.553a1 1 0 00-1.788 0l-7 14a1 1 0 001.169 1.409l5-1.429A1 1 0 009 15.571V11a1 1 0 112 0v4.571a1 1 0 00.725.962l5 1.428a1 1 0 001.17-1.408l-7-14z"
        />
      </svg>
    </button>
  </form>
</div>
`;
